# {"label": "M08_A2", "started_utc": "20260913T214628Z", "port": "COM9", "reset": "rts", "open_lines": "inactive", "seconds": 35.0, "hardware_capture": true, "boot_banners": [], "first_accuracy_seconds": {}, "state_samples": 0, "readiness": [], "last_state": null, "status_poll": false, "status_replies": [], "limitation": "Stock firmware stops STATE telemetry after readiness/abort; absent later samples do not prove accuracy stayed low."}
0.094 # intentional RTS reset released
0.094 ets Jul 29 2019 12:21:46
0.110 rst:0x1 (POWERON_RESET),boot:0x17 (SPI_FAST_FLASH_BOOT)
0.110 configsip: 0, SPIWP:0xee
0.110 clk_drv:0x00,q_drv:0x00,d_drv:0x00,cs0_drv:0x00,hd_drv:0x00,wp_drv:0x00
0.125 mode:DIO, clock div:2
0.125 load:0x3fff0030,len:1184
0.125 load:0x40078000,len:13232
0.125 load:0x40080400,len:3028
0.125 entry 0x400805e4
0.813 M08_go_to_pose: coordinated three-axis poses; preserved M07 startup north/level
0.828 Yaw DIR32/STEP33; pitch DIR26/STEP12; carriage DIR21/STEP22; BNO085 Bus B SDA4/SCL5 address 0x4A
0.828 Physical PITCH feedback = BNO ROLL; pitch targets and telemetry use roll degrees.
0.844 Carriage zero is startup step count only; units are STEPS, not mm. Software envelope +/-500 steps; no homing.
0.860 North requires calibrated baseline and BNO accuracy >=2; low accuracy stops yaw operations. Independent 150 ms stale stop for all motion.
0.860 Stable fresh pitch can enter PITCH-ONLY READY after north-baseline timeout, regardless of accuracy. No automatic fallback motion.
0.875 Yaw trial sign=-1; current pitch sign=-1
0.875 X/x aborts; yaw may take up to 180 deg shortest path to north. Clear the intended path and cables.
0.891 Measured yaw guard +/-185 deg from continuous north target; pitch absolute guard +/-75 deg. Power removal is emergency stop.
0.891 Slew yaw/pitch Hz=1000/600 accel=1000/600
0.907 Approach yaw/pitch deg=4.00/2.00 plus measured-rate braking margin. Continuous slew then stopped precision corrections.
1.282 STATE STARTUP heading=0.000 yaw_error=0.000 pitch=0.000 pitch_error=0.000 yaw_mode=PROBE pitch_mode=PRECISION yaw_motor=IDLE pitch_motor=IDLE concurrent=NO yaw_hz=0.0 pitch_hz=0.0 yaw_dps=0.00 pitch_dps=0.00 brake_deg=0.00/0.00 BNO_fresh=NO age_ms=3 max_gap_ms=0 accuracy=0 accuracy_low_ms=0 north_usable=NO
2.032 STATE STARTUP heading=5.028 yaw_error=0.000 pitch=6.641 pitch_error=0.000 yaw_mode=PROBE pitch_mode=PRECISION yaw_motor=IDLE pitch_motor=IDLE concurrent=NO yaw_hz=0.0 pitch_hz=0.0 yaw_dps=0.00 pitch_dps=0.00 brake_deg=0.00/0.00 BNO_fresh=YES age_ms=0 max_gap_ms=0 accuracy=0 accuracy_low_ms=0 north_usable=NO
2.782 STATE STARTUP heading=5.026 yaw_error=0.000 pitch=6.581 pitch_error=0.000 yaw_mode=PROBE pitch_mode=PRECISION yaw_motor=IDLE pitch_motor=IDLE concurrent=NO yaw_hz=0.0 pitch_hz=0.0 yaw_dps=0.00 pitch_dps=0.00 brake_deg=0.00/0.00 BNO_fresh=YES age_ms=0 max_gap_ms=0 accuracy=0 accuracy_low_ms=0 north_usable=NO
3.532 STATE STARTUP heading=5.028 yaw_error=0.000 pitch=6.554 pitch_error=0.000 yaw_mode=PROBE pitch_mode=PRECISION yaw_motor=IDLE pitch_motor=IDLE concurrent=NO yaw_hz=0.0 pitch_hz=0.0 yaw_dps=0.00 pitch_dps=0.00 brake_deg=0.00/0.00 BNO_fresh=YES age_ms=0 max_gap_ms=0 accuracy=0 accuracy_low_ms=0 north_usable=NO
4.282 STATE STARTUP heading=5.029 yaw_error=0.000 pitch=6.547 pitch_error=0.000 yaw_mode=PROBE pitch_mode=PRECISION yaw_motor=IDLE pitch_motor=IDLE concurrent=NO yaw_hz=0.0 pitch_hz=0.0 yaw_dps=0.00 pitch_dps=0.00 brake_deg=0.00/0.00 BNO_fresh=YES age_ms=0 max_gap_ms=0 accuracy=0 accuracy_low_ms=0 north_usable=NO
5.032 STATE STARTUP heading=5.029 yaw_error=0.000 pitch=6.547 pitch_error=0.000 yaw_mode=PROBE pitch_mode=PRECISION yaw_motor=IDLE pitch_motor=IDLE concurrent=NO yaw_hz=0.0 pitch_hz=0.0 yaw_dps=0.00 pitch_dps=0.00 brake_deg=0.00/0.00 BNO_fresh=YES age_ms=0 max_gap_ms=0 accuracy=0 accuracy_low_ms=0 north_usable=NO
5.782 STATE STARTUP heading=5.029 yaw_error=0.000 pitch=6.547 pitch_error=0.000 yaw_mode=PROBE pitch_mode=PRECISION yaw_motor=IDLE pitch_motor=IDLE concurrent=NO yaw_hz=0.0 pitch_hz=0.0 yaw_dps=0.00 pitch_dps=0.00 brake_deg=0.00/0.00 BNO_fresh=YES age_ms=3 max_gap_ms=0 accuracy=0 accuracy_low_ms=0 north_usable=NO
6.532 STATE BASELINE heading=5.029 yaw_error=0.000 pitch=6.540 pitch_error=0.000 yaw_mode=PROBE pitch_mode=PRECISION yaw_motor=IDLE pitch_motor=IDLE concurrent=NO yaw_hz=0.0 pitch_hz=0.0 yaw_dps=0.00 pitch_dps=0.00 brake_deg=0.00/0.00 BNO_fresh=YES age_ms=0 max_gap_ms=0 accuracy=0 accuracy_low_ms=0 north_usable=NO
7.282 STATE BASELINE heading=5.028 yaw_error=0.000 pitch=6.540 pitch_error=0.000 yaw_mode=PROBE pitch_mode=PRECISION yaw_motor=IDLE pitch_motor=IDLE concurrent=NO yaw_hz=0.0 pitch_hz=0.0 yaw_dps=0.00 pitch_dps=0.00 brake_deg=0.00/0.00 BNO_fresh=YES age_ms=0 max_gap_ms=0 accuracy=0 accuracy_low_ms=0 north_usable=NO
8.047 STATE BASELINE heading=5.029 yaw_error=0.000 pitch=6.547 pitch_error=0.000 yaw_mode=PROBE pitch_mode=PRECISION yaw_motor=IDLE pitch_motor=IDLE concurrent=NO yaw_hz=0.0 pitch_hz=0.0 yaw_dps=0.00 pitch_dps=0.00 brake_deg=0.00/0.00 BNO_fresh=YES age_ms=0 max_gap_ms=0 accuracy=0 accuracy_low_ms=0 north_usable=NO
8.797 STATE BASELINE heading=5.029 yaw_error=0.000 pitch=6.533 pitch_error=0.000 yaw_mode=PROBE pitch_mode=PRECISION yaw_motor=IDLE pitch_motor=IDLE concurrent=NO yaw_hz=0.0 pitch_hz=0.0 yaw_dps=0.00 pitch_dps=0.00 brake_deg=0.00/0.00 BNO_fresh=YES age_ms=0 max_gap_ms=0 accuracy=0 accuracy_low_ms=0 north_usable=NO
9.547 STATE BASELINE heading=5.029 yaw_error=0.000 pitch=6.540 pitch_error=0.000 yaw_mode=PROBE pitch_mode=PRECISION yaw_motor=IDLE pitch_motor=IDLE concurrent=NO yaw_hz=0.0 pitch_hz=0.0 yaw_dps=0.00 pitch_dps=0.00 brake_deg=0.00/0.00 BNO_fresh=YES age_ms=0 max_gap_ms=0 accuracy=0 accuracy_low_ms=0 north_usable=NO
10.297 STATE BASELINE heading=5.029 yaw_error=0.000 pitch=6.547 pitch_error=0.000 yaw_mode=PROBE pitch_mode=PRECISION yaw_motor=IDLE pitch_motor=IDLE concurrent=NO yaw_hz=0.0 pitch_hz=0.0 yaw_dps=0.00 pitch_dps=0.00 brake_deg=0.00/0.00 BNO_fresh=YES age_ms=2 max_gap_ms=0 accuracy=0 accuracy_low_ms=0 north_usable=NO
11.047 STATE BASELINE heading=5.029 yaw_error=0.000 pitch=6.547 pitch_error=0.000 yaw_mode=PROBE pitch_mode=PRECISION yaw_motor=IDLE pitch_motor=IDLE concurrent=NO yaw_hz=0.0 pitch_hz=0.0 yaw_dps=0.00 pitch_dps=0.00 brake_deg=0.00/0.00 BNO_fresh=YES age_ms=0 max_gap_ms=0 accuracy=0 accuracy_low_ms=0 north_usable=NO
11.797 STATE BASELINE heading=5.029 yaw_error=0.000 pitch=6.547 pitch_error=0.000 yaw_mode=PROBE pitch_mode=PRECISION yaw_motor=IDLE pitch_motor=IDLE concurrent=NO yaw_hz=0.0 pitch_hz=0.0 yaw_dps=0.00 pitch_dps=0.00 brake_deg=0.00/0.00 BNO_fresh=YES age_ms=0 max_gap_ms=0 accuracy=0 accuracy_low_ms=0 north_usable=NO
12.547 STATE BASELINE heading=5.029 yaw_error=0.000 pitch=6.547 pitch_error=0.000 yaw_mode=PROBE pitch_mode=PRECISION yaw_motor=IDLE pitch_motor=IDLE concurrent=NO yaw_hz=0.0 pitch_hz=0.0 yaw_dps=0.00 pitch_dps=0.00 brake_deg=0.00/0.00 BNO_fresh=YES age_ms=0 max_gap_ms=0 accuracy=0 accuracy_low_ms=0 north_usable=NO
13.297 STATE BASELINE heading=5.022 yaw_error=0.000 pitch=6.540 pitch_error=0.000 yaw_mode=PROBE pitch_mode=PRECISION yaw_motor=IDLE pitch_motor=IDLE concurrent=NO yaw_hz=0.0 pitch_hz=0.0 yaw_dps=0.00 pitch_dps=0.00 brake_deg=0.00/0.00 BNO_fresh=YES age_ms=0 max_gap_ms=0 accuracy=0 accuracy_low_ms=0 north_usable=NO
14.047 STATE BASELINE heading=5.029 yaw_error=0.000 pitch=6.547 pitch_error=0.000 yaw_mode=PROBE pitch_mode=PRECISION yaw_motor=IDLE pitch_motor=IDLE concurrent=NO yaw_hz=0.0 pitch_hz=0.0 yaw_dps=0.00 pitch_dps=0.00 brake_deg=0.00/0.00 BNO_fresh=YES age_ms=3 max_gap_ms=0 accuracy=0 accuracy_low_ms=0 north_usable=NO
14.813 STATE BASELINE heading=5.029 yaw_error=0.000 pitch=6.547 pitch_error=0.000 yaw_mode=PROBE pitch_mode=PRECISION yaw_motor=IDLE pitch_motor=IDLE concurrent=NO yaw_hz=0.0 pitch_hz=0.0 yaw_dps=0.00 pitch_dps=0.00 brake_deg=0.00/0.00 BNO_fresh=YES age_ms=4 max_gap_ms=0 accuracy=0 accuracy_low_ms=0 north_usable=NO
15.563 STATE BASELINE heading=5.028 yaw_error=0.000 pitch=6.547 pitch_error=0.000 yaw_mode=PROBE pitch_mode=PRECISION yaw_motor=IDLE pitch_motor=IDLE concurrent=NO yaw_hz=0.0 pitch_hz=0.0 yaw_dps=0.00 pitch_dps=0.00 brake_deg=0.00/0.00 BNO_fresh=YES age_ms=3 max_gap_ms=0 accuracy=0 accuracy_low_ms=0 north_usable=NO
16.313 STATE BASELINE heading=5.028 yaw_error=0.000 pitch=6.546 pitch_error=0.000 yaw_mode=PROBE pitch_mode=PRECISION yaw_motor=IDLE pitch_motor=IDLE concurrent=NO yaw_hz=0.0 pitch_hz=0.0 yaw_dps=0.00 pitch_dps=0.00 brake_deg=0.00/0.00 BNO_fresh=YES age_ms=2 max_gap_ms=0 accuracy=0 accuracy_low_ms=0 north_usable=NO
17.063 STATE BASELINE heading=5.028 yaw_error=0.000 pitch=6.547 pitch_error=0.000 yaw_mode=PROBE pitch_mode=PRECISION yaw_motor=IDLE pitch_motor=IDLE concurrent=NO yaw_hz=0.0 pitch_hz=0.0 yaw_dps=0.00 pitch_dps=0.00 brake_deg=0.00/0.00 BNO_fresh=YES age_ms=0 max_gap_ms=0 accuracy=0 accuracy_low_ms=0 north_usable=NO
17.813 STATE BASELINE heading=5.029 yaw_error=0.000 pitch=6.547 pitch_error=0.000 yaw_mode=PROBE pitch_mode=PRECISION yaw_motor=IDLE pitch_motor=IDLE concurrent=NO yaw_hz=0.0 pitch_hz=0.0 yaw_dps=0.00 pitch_dps=0.00 brake_deg=0.00/0.00 BNO_fresh=YES age_ms=0 max_gap_ms=0 accuracy=0 accuracy_low_ms=0 north_usable=NO
18.563 STATE BASELINE heading=5.029 yaw_error=0.000 pitch=6.561 pitch_error=0.000 yaw_mode=PROBE pitch_mode=PRECISION yaw_motor=IDLE pitch_motor=IDLE concurrent=NO yaw_hz=0.0 pitch_hz=0.0 yaw_dps=0.00 pitch_dps=0.00 brake_deg=0.00/0.00 BNO_fresh=YES age_ms=2 max_gap_ms=0 accuracy=0 accuracy_low_ms=0 north_usable=NO
19.313 STATE BASELINE heading=5.028 yaw_error=0.000 pitch=6.554 pitch_error=0.000 yaw_mode=PROBE pitch_mode=PRECISION yaw_motor=IDLE pitch_motor=IDLE concurrent=NO yaw_hz=0.0 pitch_hz=0.0 yaw_dps=0.00 pitch_dps=0.00 brake_deg=0.00/0.00 BNO_fresh=YES age_ms=0 max_gap_ms=0 accuracy=0 accuracy_low_ms=0 north_usable=NO
20.063 STATE BASELINE heading=5.028 yaw_error=0.000 pitch=6.554 pitch_error=0.000 yaw_mode=PROBE pitch_mode=PRECISION yaw_motor=IDLE pitch_motor=IDLE concurrent=NO yaw_hz=0.0 pitch_hz=0.0 yaw_dps=0.00 pitch_dps=0.00 brake_deg=0.00/0.00 BNO_fresh=YES age_ms=0 max_gap_ms=0 accuracy=0 accuracy_low_ms=0 north_usable=NO
20.813 STATE BASELINE heading=5.029 yaw_error=0.000 pitch=6.547 pitch_error=0.000 yaw_mode=PROBE pitch_mode=PRECISION yaw_motor=IDLE pitch_motor=IDLE concurrent=NO yaw_hz=0.0 pitch_hz=0.0 yaw_dps=0.00 pitch_dps=0.00 brake_deg=0.00/0.00 BNO_fresh=YES age_ms=0 max_gap_ms=0 accuracy=0 accuracy_low_ms=0 north_usable=NO
21.297 PITCH-ONLY READY: stable fresh pitch; calibrated north unavailable, yaw disabled. MOVE 0 <pitch_delta_deg> 0; POSE <current_heading_deg> 0 0 levels pitch. Reset for calibrated north startup.
