# {"label": "M08_A1", "started_utc": "20260913T203251Z", "port": "COM9", "reset": "rts", "open_lines": "inactive", "seconds": 35.0, "hardware_capture": true, "boot_banners": [], "first_accuracy_seconds": {}, "state_samples": 0, "readiness": [], "last_state": null, "limitation": "Stock firmware stops STATE telemetry after readiness/abort; absent later samples do not prove accuracy stayed low."}
0.093 # intentional RTS reset released
0.093 ets Jul 29 2019 12:21:46
0.109 rst:0x1 (POWERON_RESET),boot:0x17 (SPI_FAST_FLASH_BOOT)
0.109 configsip: 0, SPIWP:0xee
0.109 clk_drv:0x00,q_drv:0x00,d_drv:0x00,cs0_drv:0x00,hd_drv:0x00,wp_drv:0x00
0.109 mode:DIO, clock div:2
0.109 load:0x3fff0030,len:1184
0.125 load:0x40078000,len:13232
0.125 load:0x40080400,len:3028
0.125 entry 0x400805e4
0.812 M08_go_to_pose: coordinated three-axis poses; preserved M07 startup north/level
0.828 Yaw DIR32/STEP33; pitch DIR26/STEP12; carriage DIR21/STEP22; BNO085 Bus B SDA4/SCL5 address 0x4A
0.828 Physical PITCH feedback = BNO ROLL; pitch targets and telemetry use roll degrees.
0.843 Carriage zero is startup step count only; units are STEPS, not mm. Software envelope +/-500 steps; no homing.
0.843 North requires calibrated baseline and BNO accuracy >=2; low accuracy stops yaw operations. Independent 150 ms stale stop for all motion.
0.859 Stable fresh pitch can enter PITCH-ONLY READY after north-baseline timeout, regardless of accuracy. No automatic fallback motion.
0.859 Yaw trial sign=-1; current pitch sign=-1
0.875 X/x aborts; yaw may take up to 180 deg shortest path to north. Clear the intended path and cables.
0.890 Measured yaw guard +/-185 deg from continuous north target; pitch absolute guard +/-75 deg. Power removal is emergency stop.
0.890 Slew yaw/pitch Hz=1000/600 accel=1000/600
0.890 Approach yaw/pitch deg=4.00/2.00 plus measured-rate braking margin. Continuous slew then stopped precision corrections.
1.265 STATE STARTUP heading=0.000 yaw_error=0.000 pitch=0.000 pitch_error=0.000 yaw_mode=PROBE pitch_mode=PRECISION yaw_motor=IDLE pitch_motor=IDLE concurrent=NO yaw_hz=0.0 pitch_hz=0.0 yaw_dps=0.00 pitch_dps=0.00 brake_deg=0.00/0.00 BNO_fresh=NO age_ms=3 max_gap_ms=0 accuracy=0 accuracy_low_ms=0 north_usable=NO
2.031 STATE STARTUP heading=4.978 yaw_error=0.000 pitch=6.410 pitch_error=0.000 yaw_mode=PROBE pitch_mode=PRECISION yaw_motor=IDLE pitch_motor=IDLE concurrent=NO yaw_hz=0.0 pitch_hz=0.0 yaw_dps=0.00 pitch_dps=0.00 brake_deg=0.00/0.00 BNO_fresh=YES age_ms=0 max_gap_ms=0 accuracy=0 accuracy_low_ms=0 north_usable=NO
2.781 STATE STARTUP heading=4.967 yaw_error=0.000 pitch=6.464 pitch_error=0.000 yaw_mode=PROBE pitch_mode=PRECISION yaw_motor=IDLE pitch_motor=IDLE concurrent=NO yaw_hz=0.0 pitch_hz=0.0 yaw_dps=0.00 pitch_dps=0.00 brake_deg=0.00/0.00 BNO_fresh=YES age_ms=0 max_gap_ms=0 accuracy=0 accuracy_low_ms=0 north_usable=NO
3.531 STATE STARTUP heading=4.958 yaw_error=0.000 pitch=6.477 pitch_error=0.000 yaw_mode=PROBE pitch_mode=PRECISION yaw_motor=IDLE pitch_motor=IDLE concurrent=NO yaw_hz=0.0 pitch_hz=0.0 yaw_dps=0.00 pitch_dps=0.00 brake_deg=0.00/0.00 BNO_fresh=YES age_ms=0 max_gap_ms=0 accuracy=0 accuracy_low_ms=0 north_usable=NO
4.281 STATE STARTUP heading=4.965 yaw_error=0.000 pitch=6.469 pitch_error=0.000 yaw_mode=PROBE pitch_mode=PRECISION yaw_motor=IDLE pitch_motor=IDLE concurrent=NO yaw_hz=0.0 pitch_hz=0.0 yaw_dps=0.00 pitch_dps=0.00 brake_deg=0.00/0.00 BNO_fresh=YES age_ms=0 max_gap_ms=0 accuracy=0 accuracy_low_ms=0 north_usable=NO
5.031 STATE STARTUP heading=4.965 yaw_error=0.000 pitch=6.456 pitch_error=0.000 yaw_mode=PROBE pitch_mode=PRECISION yaw_motor=IDLE pitch_motor=IDLE concurrent=NO yaw_hz=0.0 pitch_hz=0.0 yaw_dps=0.00 pitch_dps=0.00 brake_deg=0.00/0.00 BNO_fresh=YES age_ms=0 max_gap_ms=0 accuracy=0 accuracy_low_ms=0 north_usable=NO
5.781 STATE STARTUP heading=4.965 yaw_error=0.000 pitch=6.462 pitch_error=0.000 yaw_mode=PROBE pitch_mode=PRECISION yaw_motor=IDLE pitch_motor=IDLE concurrent=NO yaw_hz=0.0 pitch_hz=0.0 yaw_dps=0.00 pitch_dps=0.00 brake_deg=0.00/0.00 BNO_fresh=YES age_ms=0 max_gap_ms=0 accuracy=0 accuracy_low_ms=0 north_usable=NO
6.531 STATE BASELINE heading=4.965 yaw_error=0.000 pitch=6.469 pitch_error=0.000 yaw_mode=PROBE pitch_mode=PRECISION yaw_motor=IDLE pitch_motor=IDLE concurrent=NO yaw_hz=0.0 pitch_hz=0.0 yaw_dps=0.00 pitch_dps=0.00 brake_deg=0.00/0.00 BNO_fresh=YES age_ms=0 max_gap_ms=0 accuracy=0 accuracy_low_ms=0 north_usable=NO
7.281 STATE BASELINE heading=4.965 yaw_error=0.000 pitch=6.484 pitch_error=0.000 yaw_mode=PROBE pitch_mode=PRECISION yaw_motor=IDLE pitch_motor=IDLE concurrent=NO yaw_hz=0.0 pitch_hz=0.0 yaw_dps=0.00 pitch_dps=0.00 brake_deg=0.00/0.00 BNO_fresh=YES age_ms=0 max_gap_ms=0 accuracy=0 accuracy_low_ms=0 north_usable=NO
8.031 STATE BASELINE heading=4.964 yaw_error=0.000 pitch=6.483 pitch_error=0.000 yaw_mode=PROBE pitch_mode=PRECISION yaw_motor=IDLE pitch_motor=IDLE concurrent=NO yaw_hz=0.0 pitch_hz=0.0 yaw_dps=0.00 pitch_dps=0.00 brake_deg=0.00/0.00 BNO_fresh=YES age_ms=0 max_gap_ms=0 accuracy=0 accuracy_low_ms=0 north_usable=NO
8.781 STATE BASELINE heading=4.964 yaw_error=0.000 pitch=6.483 pitch_error=0.000 yaw_mode=PROBE pitch_mode=PRECISION yaw_motor=IDLE pitch_motor=IDLE concurrent=NO yaw_hz=0.0 pitch_hz=0.0 yaw_dps=0.00 pitch_dps=0.00 brake_deg=0.00/0.00 BNO_fresh=YES age_ms=0 max_gap_ms=0 accuracy=0 accuracy_low_ms=0 north_usable=NO
9.546 STATE BASELINE heading=4.964 yaw_error=0.000 pitch=6.490 pitch_error=0.000 yaw_mode=PROBE pitch_mode=PRECISION yaw_motor=IDLE pitch_motor=IDLE concurrent=NO yaw_hz=0.0 pitch_hz=0.0 yaw_dps=0.00 pitch_dps=0.00 brake_deg=0.00/0.00 BNO_fresh=YES age_ms=2 max_gap_ms=0 accuracy=0 accuracy_low_ms=0 north_usable=NO
10.296 STATE BASELINE heading=4.951 yaw_error=0.000 pitch=6.463 pitch_error=0.000 yaw_mode=PROBE pitch_mode=PRECISION yaw_motor=IDLE pitch_motor=IDLE concurrent=NO yaw_hz=0.0 pitch_hz=0.0 yaw_dps=0.00 pitch_dps=0.00 brake_deg=0.00/0.00 BNO_fresh=YES age_ms=0 max_gap_ms=0 accuracy=0 accuracy_low_ms=0 north_usable=NO
11.046 STATE BASELINE heading=4.952 yaw_error=0.000 pitch=6.470 pitch_error=0.000 yaw_mode=PROBE pitch_mode=PRECISION yaw_motor=IDLE pitch_motor=IDLE concurrent=NO yaw_hz=0.0 pitch_hz=0.0 yaw_dps=0.00 pitch_dps=0.00 brake_deg=0.00/0.00 BNO_fresh=YES age_ms=0 max_gap_ms=0 accuracy=0 accuracy_low_ms=0 north_usable=NO
11.796 STATE BASELINE heading=4.951 yaw_error=0.000 pitch=6.492 pitch_error=0.000 yaw_mode=PROBE pitch_mode=PRECISION yaw_motor=IDLE pitch_motor=IDLE concurrent=NO yaw_hz=0.0 pitch_hz=0.0 yaw_dps=0.00 pitch_dps=0.00 brake_deg=0.00/0.00 BNO_fresh=YES age_ms=0 max_gap_ms=0 accuracy=0 accuracy_low_ms=0 north_usable=NO
12.546 STATE BASELINE heading=4.944 yaw_error=0.000 pitch=6.484 pitch_error=0.000 yaw_mode=PROBE pitch_mode=PRECISION yaw_motor=IDLE pitch_motor=IDLE concurrent=NO yaw_hz=0.0 pitch_hz=0.0 yaw_dps=0.00 pitch_dps=0.00 brake_deg=0.00/0.00 BNO_fresh=YES age_ms=0 max_gap_ms=0 accuracy=0 accuracy_low_ms=0 north_usable=NO
13.296 STATE BASELINE heading=4.951 yaw_error=0.000 pitch=6.463 pitch_error=0.000 yaw_mode=PROBE pitch_mode=PRECISION yaw_motor=IDLE pitch_motor=IDLE concurrent=NO yaw_hz=0.0 pitch_hz=0.0 yaw_dps=0.00 pitch_dps=0.00 brake_deg=0.00/0.00 BNO_fresh=YES age_ms=2 max_gap_ms=0 accuracy=0 accuracy_low_ms=0 north_usable=NO
14.046 STATE BASELINE heading=4.944 yaw_error=0.000 pitch=6.470 pitch_error=0.000 yaw_mode=PROBE pitch_mode=PRECISION yaw_motor=IDLE pitch_motor=IDLE concurrent=NO yaw_hz=0.0 pitch_hz=0.0 yaw_dps=0.00 pitch_dps=0.00 brake_deg=0.00/0.00 BNO_fresh=YES age_ms=0 max_gap_ms=0 accuracy=0 accuracy_low_ms=0 north_usable=NO
14.796 STATE BASELINE heading=4.944 yaw_error=0.000 pitch=6.477 pitch_error=0.000 yaw_mode=PROBE pitch_mode=PRECISION yaw_motor=IDLE pitch_motor=IDLE concurrent=NO yaw_hz=0.0 pitch_hz=0.0 yaw_dps=0.00 pitch_dps=0.00 brake_deg=0.00/0.00 BNO_fresh=YES age_ms=0 max_gap_ms=0 accuracy=0 accuracy_low_ms=0 north_usable=NO
15.546 STATE BASELINE heading=4.944 yaw_error=0.000 pitch=6.477 pitch_error=0.000 yaw_mode=PROBE pitch_mode=PRECISION yaw_motor=IDLE pitch_motor=IDLE concurrent=NO yaw_hz=0.0 pitch_hz=0.0 yaw_dps=0.00 pitch_dps=0.00 brake_deg=0.00/0.00 BNO_fresh=YES age_ms=0 max_gap_ms=0 accuracy=0 accuracy_low_ms=0 north_usable=NO
16.296 STATE BASELINE heading=4.943 yaw_error=0.000 pitch=6.477 pitch_error=0.000 yaw_mode=PROBE pitch_mode=PRECISION yaw_motor=IDLE pitch_motor=IDLE concurrent=NO yaw_hz=0.0 pitch_hz=0.0 yaw_dps=0.00 pitch_dps=0.00 brake_deg=0.00/0.00 BNO_fresh=YES age_ms=0 max_gap_ms=0 accuracy=0 accuracy_low_ms=0 north_usable=NO
17.046 STATE BASELINE heading=4.950 yaw_error=0.000 pitch=6.469 pitch_error=0.000 yaw_mode=PROBE pitch_mode=PRECISION yaw_motor=IDLE pitch_motor=IDLE concurrent=NO yaw_hz=0.0 pitch_hz=0.0 yaw_dps=0.00 pitch_dps=0.00 brake_deg=0.00/0.00 BNO_fresh=YES age_ms=0 max_gap_ms=0 accuracy=0 accuracy_low_ms=0 north_usable=NO
17.812 STATE BASELINE heading=4.943 yaw_error=0.000 pitch=6.484 pitch_error=0.000 yaw_mode=PROBE pitch_mode=PRECISION yaw_motor=IDLE pitch_motor=IDLE concurrent=NO yaw_hz=0.0 pitch_hz=0.0 yaw_dps=0.00 pitch_dps=0.00 brake_deg=0.00/0.00 BNO_fresh=YES age_ms=0 max_gap_ms=0 accuracy=0 accuracy_low_ms=0 north_usable=NO
18.562 STATE BASELINE heading=4.943 yaw_error=0.000 pitch=6.470 pitch_error=0.000 yaw_mode=PROBE pitch_mode=PRECISION yaw_motor=IDLE pitch_motor=IDLE concurrent=NO yaw_hz=0.0 pitch_hz=0.0 yaw_dps=0.00 pitch_dps=0.00 brake_deg=0.00/0.00 BNO_fresh=YES age_ms=2 max_gap_ms=0 accuracy=0 accuracy_low_ms=0 north_usable=NO
19.312 STATE BASELINE heading=4.944 yaw_error=0.000 pitch=6.456 pitch_error=0.000 yaw_mode=PROBE pitch_mode=PRECISION yaw_motor=IDLE pitch_motor=IDLE concurrent=NO yaw_hz=0.0 pitch_hz=0.0 yaw_dps=0.00 pitch_dps=0.00 brake_deg=0.00/0.00 BNO_fresh=YES age_ms=0 max_gap_ms=0 accuracy=0 accuracy_low_ms=0 north_usable=NO
20.062 STATE BASELINE heading=4.944 yaw_error=0.000 pitch=6.470 pitch_error=0.000 yaw_mode=PROBE pitch_mode=PRECISION yaw_motor=IDLE pitch_motor=IDLE concurrent=NO yaw_hz=0.0 pitch_hz=0.0 yaw_dps=0.00 pitch_dps=0.00 brake_deg=0.00/0.00 BNO_fresh=YES age_ms=0 max_gap_ms=0 accuracy=0 accuracy_low_ms=0 north_usable=NO
20.812 STATE BASELINE heading=4.944 yaw_error=0.000 pitch=6.477 pitch_error=0.000 yaw_mode=PROBE pitch_mode=PRECISION yaw_motor=IDLE pitch_motor=IDLE concurrent=NO yaw_hz=0.0 pitch_hz=0.0 yaw_dps=0.00 pitch_dps=0.00 brake_deg=0.00/0.00 BNO_fresh=YES age_ms=0 max_gap_ms=0 accuracy=0 accuracy_low_ms=0 north_usable=NO
21.296 PITCH-ONLY READY: stable fresh pitch; calibrated north unavailable, yaw disabled. MOVE 0 <pitch_delta_deg> 0; POSE <current_heading_deg> 0 0 levels pitch. Reset for calibrated north startup.
