# {"label": "M08_OBSERVE", "started_utc": "20260913T214247Z", "port": "COM9", "reset": "rts", "open_lines": "inactive", "seconds": 60.0, "hardware_capture": true, "boot_banners": [], "first_accuracy_seconds": {}, "state_samples": 0, "readiness": [], "last_state": null, "limitation": "Stock firmware stops STATE telemetry after readiness/abort; absent later samples do not prove accuracy stayed low."}
0.094 # intentional RTS reset released
0.094 ets Jul 29 2019 12:21:46
0.109 rst:0x1 (POWERON_RESET),boot:0x17 (SPI_FAST_FLASH_BOOT)
0.109 configsip: 0, SPIWP:0xee
0.109 clk_drv:0x00,q_drv:0x00,d_drv:0x00,cs0_drv:0x00,hd_drv:0x00,wp_drv:0x00
0.109 mode:DIO, clock div:2
0.109 load:0x3fff0030,len:1184
0.125 load:0x40078000,len:13232
0.125 load:0x40080400,len:3028
0.125 entry 0x400805e4
0.797 M08_go_to_pose: coordinated three-axis poses; preserved M07 startup north/level
0.813 Yaw DIR32/STEP33; pitch DIR26/STEP12; carriage DIR21/STEP22; BNO085 Bus B SDA4/SCL5 address 0x4A
0.828 Physical PITCH feedback = BNO ROLL; pitch targets and telemetry use roll degrees.
0.828 Carriage zero is startup step count only; units are STEPS, not mm. Software envelope +/-500 steps; no homing.
0.844 North requires calibrated baseline and BNO accuracy >=2; low accuracy stops yaw operations. Independent 150 ms stale stop for all motion.
0.859 Stable fresh pitch can enter PITCH-ONLY READY after north-baseline timeout, regardless of accuracy. No automatic fallback motion.
0.859 Yaw trial sign=-1; current pitch sign=-1
0.859 X/x aborts; yaw may take up to 180 deg shortest path to north. Clear the intended path and cables.
0.875 Measured yaw guard +/-185 deg from continuous north target; pitch absolute guard +/-75 deg. Power removal is emergency stop.
0.875 Slew yaw/pitch Hz=1000/600 accel=1000/600
0.891 Approach yaw/pitch deg=4.00/2.00 plus measured-rate braking margin. Continuous slew then stopped precision corrections.
1.250 BNO OBSERVER: sensor acquisition only; automatic motor control omitted; X aborts.
1.266 STATE STARTUP heading=0.000 yaw_error=0.000 pitch=0.000 pitch_error=0.000 yaw_mode=PROBE pitch_mode=PRECISION yaw_motor=IDLE pitch_motor=IDLE concurrent=NO yaw_hz=0.0 pitch_hz=0.0 yaw_dps=0.00 pitch_dps=0.00 brake_deg=0.00/0.00 BNO_fresh=NO age_ms=3 max_gap_ms=0 accuracy=0 accuracy_low_ms=0 north_usable=NO
2.016 STATE STARTUP heading=2.959 yaw_error=0.000 pitch=6.618 pitch_error=0.000 yaw_mode=PROBE pitch_mode=PRECISION yaw_motor=IDLE pitch_motor=IDLE concurrent=NO yaw_hz=0.0 pitch_hz=0.0 yaw_dps=0.00 pitch_dps=0.00 brake_deg=0.00/0.00 BNO_fresh=YES age_ms=0 max_gap_ms=0 accuracy=1 accuracy_low_ms=0 north_usable=NO
2.766 STATE STARTUP heading=2.962 yaw_error=0.000 pitch=6.559 pitch_error=0.000 yaw_mode=PROBE pitch_mode=PRECISION yaw_motor=IDLE pitch_motor=IDLE concurrent=NO yaw_hz=0.0 pitch_hz=0.0 yaw_dps=0.00 pitch_dps=0.00 brake_deg=0.00/0.00 BNO_fresh=YES age_ms=0 max_gap_ms=0 accuracy=1 accuracy_low_ms=0 north_usable=NO
3.516 STATE STARTUP heading=2.966 yaw_error=0.000 pitch=6.532 pitch_error=0.000 yaw_mode=PROBE pitch_mode=PRECISION yaw_motor=IDLE pitch_motor=IDLE concurrent=NO yaw_hz=0.0 pitch_hz=0.0 yaw_dps=0.00 pitch_dps=0.00 brake_deg=0.00/0.00 BNO_fresh=YES age_ms=0 max_gap_ms=0 accuracy=1 accuracy_low_ms=0 north_usable=NO
4.266 STATE STARTUP heading=2.967 yaw_error=0.000 pitch=6.511 pitch_error=0.000 yaw_mode=PROBE pitch_mode=PRECISION yaw_motor=IDLE pitch_motor=IDLE concurrent=NO yaw_hz=0.0 pitch_hz=0.0 yaw_dps=0.00 pitch_dps=0.00 brake_deg=0.00/0.00 BNO_fresh=YES age_ms=3 max_gap_ms=0 accuracy=1 accuracy_low_ms=0 north_usable=NO
5.016 STATE STARTUP heading=2.967 yaw_error=0.000 pitch=6.504 pitch_error=0.000 yaw_mode=PROBE pitch_mode=PRECISION yaw_motor=IDLE pitch_motor=IDLE concurrent=NO yaw_hz=0.0 pitch_hz=0.0 yaw_dps=0.00 pitch_dps=0.00 brake_deg=0.00/0.00 BNO_fresh=YES age_ms=0 max_gap_ms=0 accuracy=1 accuracy_low_ms=0 north_usable=NO
5.781 STATE STARTUP heading=2.954 yaw_error=0.000 pitch=6.512 pitch_error=0.000 yaw_mode=PROBE pitch_mode=PRECISION yaw_motor=IDLE pitch_motor=IDLE concurrent=NO yaw_hz=0.0 pitch_hz=0.0 yaw_dps=0.00 pitch_dps=0.00 brake_deg=0.00/0.00 BNO_fresh=YES age_ms=0 max_gap_ms=0 accuracy=1 accuracy_low_ms=0 north_usable=NO
6.531 STATE STARTUP heading=2.961 yaw_error=0.000 pitch=6.519 pitch_error=0.000 yaw_mode=PROBE pitch_mode=PRECISION yaw_motor=IDLE pitch_motor=IDLE concurrent=NO yaw_hz=0.0 pitch_hz=0.0 yaw_dps=0.00 pitch_dps=0.00 brake_deg=0.00/0.00 BNO_fresh=YES age_ms=0 max_gap_ms=0 accuracy=1 accuracy_low_ms=0 north_usable=NO
7.281 STATE STARTUP heading=2.960 yaw_error=0.000 pitch=6.519 pitch_error=0.000 yaw_mode=PROBE pitch_mode=PRECISION yaw_motor=IDLE pitch_motor=IDLE concurrent=NO yaw_hz=0.0 pitch_hz=0.0 yaw_dps=0.00 pitch_dps=0.00 brake_deg=0.00/0.00 BNO_fresh=YES age_ms=0 max_gap_ms=0 accuracy=1 accuracy_low_ms=0 north_usable=NO
8.031 STATE STARTUP heading=2.961 yaw_error=0.000 pitch=6.512 pitch_error=0.000 yaw_mode=PROBE pitch_mode=PRECISION yaw_motor=IDLE pitch_motor=IDLE concurrent=NO yaw_hz=0.0 pitch_hz=0.0 yaw_dps=0.00 pitch_dps=0.00 brake_deg=0.00/0.00 BNO_fresh=YES age_ms=0 max_gap_ms=0 accuracy=1 accuracy_low_ms=0 north_usable=NO
8.781 STATE STARTUP heading=2.961 yaw_error=0.000 pitch=6.505 pitch_error=0.000 yaw_mode=PROBE pitch_mode=PRECISION yaw_motor=IDLE pitch_motor=IDLE concurrent=NO yaw_hz=0.0 pitch_hz=0.0 yaw_dps=0.00 pitch_dps=0.00 brake_deg=0.00/0.00 BNO_fresh=YES age_ms=0 max_gap_ms=0 accuracy=1 accuracy_low_ms=0 north_usable=NO
9.531 STATE STARTUP heading=2.962 yaw_error=0.000 pitch=6.498 pitch_error=0.000 yaw_mode=PROBE pitch_mode=PRECISION yaw_motor=IDLE pitch_motor=IDLE concurrent=NO yaw_hz=0.0 pitch_hz=0.0 yaw_dps=0.00 pitch_dps=0.00 brake_deg=0.00/0.00 BNO_fresh=YES age_ms=3 max_gap_ms=0 accuracy=1 accuracy_low_ms=0 north_usable=NO
10.281 STATE STARTUP heading=2.962 yaw_error=0.000 pitch=6.498 pitch_error=0.000 yaw_mode=PROBE pitch_mode=PRECISION yaw_motor=IDLE pitch_motor=IDLE concurrent=NO yaw_hz=0.0 pitch_hz=0.0 yaw_dps=0.00 pitch_dps=0.00 brake_deg=0.00/0.00 BNO_fresh=YES age_ms=3 max_gap_ms=0 accuracy=1 accuracy_low_ms=0 north_usable=NO
11.031 STATE STARTUP heading=2.962 yaw_error=0.000 pitch=6.498 pitch_error=0.000 yaw_mode=PROBE pitch_mode=PRECISION yaw_motor=IDLE pitch_motor=IDLE concurrent=NO yaw_hz=0.0 pitch_hz=0.0 yaw_dps=0.00 pitch_dps=0.00 brake_deg=0.00/0.00 BNO_fresh=YES age_ms=0 max_gap_ms=0 accuracy=1 accuracy_low_ms=0 north_usable=NO
11.781 STATE STARTUP heading=2.962 yaw_error=0.000 pitch=6.512 pitch_error=0.000 yaw_mode=PROBE pitch_mode=PRECISION yaw_motor=IDLE pitch_motor=IDLE concurrent=NO yaw_hz=0.0 pitch_hz=0.0 yaw_dps=0.00 pitch_dps=0.00 brake_deg=0.00/0.00 BNO_fresh=YES age_ms=0 max_gap_ms=0 accuracy=1 accuracy_low_ms=0 north_usable=NO
12.531 STATE STARTUP heading=2.961 yaw_error=0.000 pitch=6.505 pitch_error=0.000 yaw_mode=PROBE pitch_mode=PRECISION yaw_motor=IDLE pitch_motor=IDLE concurrent=NO yaw_hz=0.0 pitch_hz=0.0 yaw_dps=0.00 pitch_dps=0.00 brake_deg=0.00/0.00 BNO_fresh=YES age_ms=0 max_gap_ms=0 accuracy=1 accuracy_low_ms=0 north_usable=NO
13.297 STATE STARTUP heading=2.961 yaw_error=0.000 pitch=6.519 pitch_error=0.000 yaw_mode=PROBE pitch_mode=PRECISION yaw_motor=IDLE pitch_motor=IDLE concurrent=NO yaw_hz=0.0 pitch_hz=0.0 yaw_dps=0.00 pitch_dps=0.00 brake_deg=0.00/0.00 BNO_fresh=YES age_ms=0 max_gap_ms=0 accuracy=1 accuracy_low_ms=0 north_usable=NO
14.047 STATE STARTUP heading=2.961 yaw_error=0.000 pitch=6.512 pitch_error=0.000 yaw_mode=PROBE pitch_mode=PRECISION yaw_motor=IDLE pitch_motor=IDLE concurrent=NO yaw_hz=0.0 pitch_hz=0.0 yaw_dps=0.00 pitch_dps=0.00 brake_deg=0.00/0.00 BNO_fresh=YES age_ms=3 max_gap_ms=0 accuracy=1 accuracy_low_ms=0 north_usable=NO
14.797 STATE STARTUP heading=2.961 yaw_error=0.000 pitch=6.505 pitch_error=0.000 yaw_mode=PROBE pitch_mode=PRECISION yaw_motor=IDLE pitch_motor=IDLE concurrent=NO yaw_hz=0.0 pitch_hz=0.0 yaw_dps=0.00 pitch_dps=0.00 brake_deg=0.00/0.00 BNO_fresh=YES age_ms=3 max_gap_ms=0 accuracy=1 accuracy_low_ms=0 north_usable=NO
15.547 STATE STARTUP heading=2.961 yaw_error=0.000 pitch=6.519 pitch_error=0.000 yaw_mode=PROBE pitch_mode=PRECISION yaw_motor=IDLE pitch_motor=IDLE concurrent=NO yaw_hz=0.0 pitch_hz=0.0 yaw_dps=0.00 pitch_dps=0.00 brake_deg=0.00/0.00 BNO_fresh=YES age_ms=0 max_gap_ms=0 accuracy=1 accuracy_low_ms=0 north_usable=NO
16.297 STATE STARTUP heading=2.961 yaw_error=0.000 pitch=6.505 pitch_error=0.000 yaw_mode=PROBE pitch_mode=PRECISION yaw_motor=IDLE pitch_motor=IDLE concurrent=NO yaw_hz=0.0 pitch_hz=0.0 yaw_dps=0.00 pitch_dps=0.00 brake_deg=0.00/0.00 BNO_fresh=YES age_ms=0 max_gap_ms=0 accuracy=1 accuracy_low_ms=0 north_usable=NO
17.047 STATE STARTUP heading=2.962 yaw_error=0.000 pitch=6.498 pitch_error=0.000 yaw_mode=PROBE pitch_mode=PRECISION yaw_motor=IDLE pitch_motor=IDLE concurrent=NO yaw_hz=0.0 pitch_hz=0.0 yaw_dps=0.00 pitch_dps=0.00 brake_deg=0.00/0.00 BNO_fresh=YES age_ms=0 max_gap_ms=0 accuracy=1 accuracy_low_ms=0 north_usable=NO
17.797 STATE STARTUP heading=2.955 yaw_error=0.000 pitch=6.470 pitch_error=0.000 yaw_mode=PROBE pitch_mode=PRECISION yaw_motor=IDLE pitch_motor=IDLE concurrent=NO yaw_hz=0.0 pitch_hz=0.0 yaw_dps=0.00 pitch_dps=0.00 brake_deg=0.00/0.00 BNO_fresh=YES age_ms=0 max_gap_ms=0 accuracy=1 accuracy_low_ms=0 north_usable=NO
18.547 STATE STARTUP heading=2.968 yaw_error=0.000 pitch=6.490 pitch_error=0.000 yaw_mode=PROBE pitch_mode=PRECISION yaw_motor=IDLE pitch_motor=IDLE concurrent=NO yaw_hz=0.0 pitch_hz=0.0 yaw_dps=0.00 pitch_dps=0.00 brake_deg=0.00/0.00 BNO_fresh=YES age_ms=0 max_gap_ms=0 accuracy=1 accuracy_low_ms=0 north_usable=NO
19.297 STATE STARTUP heading=2.968 yaw_error=0.000 pitch=6.498 pitch_error=0.000 yaw_mode=PROBE pitch_mode=PRECISION yaw_motor=IDLE pitch_motor=IDLE concurrent=NO yaw_hz=0.0 pitch_hz=0.0 yaw_dps=0.00 pitch_dps=0.00 brake_deg=0.00/0.00 BNO_fresh=YES age_ms=3 max_gap_ms=0 accuracy=1 accuracy_low_ms=0 north_usable=NO
20.047 STATE STARTUP heading=2.968 yaw_error=0.000 pitch=6.498 pitch_error=0.000 yaw_mode=PROBE pitch_mode=PRECISION yaw_motor=IDLE pitch_motor=IDLE concurrent=NO yaw_hz=0.0 pitch_hz=0.0 yaw_dps=0.00 pitch_dps=0.00 brake_deg=0.00/0.00 BNO_fresh=YES age_ms=0 max_gap_ms=0 accuracy=1 accuracy_low_ms=0 north_usable=NO
20.813 STATE STARTUP heading=2.959 yaw_error=0.000 pitch=6.490 pitch_error=0.000 yaw_mode=PROBE pitch_mode=PRECISION yaw_motor=IDLE pitch_motor=IDLE concurrent=NO yaw_hz=0.0 pitch_hz=0.0 yaw_dps=0.00 pitch_dps=0.00 brake_deg=0.00/0.00 BNO_fresh=YES age_ms=0 max_gap_ms=0 accuracy=1 accuracy_low_ms=0 north_usable=NO
21.563 STATE STARTUP heading=2.966 yaw_error=0.000 pitch=6.497 pitch_error=0.000 yaw_mode=PROBE pitch_mode=PRECISION yaw_motor=IDLE pitch_motor=IDLE concurrent=NO yaw_hz=0.0 pitch_hz=0.0 yaw_dps=0.00 pitch_dps=0.00 brake_deg=0.00/0.00 BNO_fresh=YES age_ms=3 max_gap_ms=0 accuracy=1 accuracy_low_ms=0 north_usable=NO
22.313 STATE STARTUP heading=2.980 yaw_error=0.000 pitch=6.525 pitch_error=0.000 yaw_mode=PROBE pitch_mode=PRECISION yaw_motor=IDLE pitch_motor=IDLE concurrent=NO yaw_hz=0.0 pitch_hz=0.0 yaw_dps=0.00 pitch_dps=0.00 brake_deg=0.00/0.00 BNO_fresh=YES age_ms=0 max_gap_ms=0 accuracy=1 accuracy_low_ms=0 north_usable=NO
23.063 STATE STARTUP heading=2.965 yaw_error=0.000 pitch=6.518 pitch_error=0.000 yaw_mode=PROBE pitch_mode=PRECISION yaw_motor=IDLE pitch_motor=IDLE concurrent=NO yaw_hz=0.0 pitch_hz=0.0 yaw_dps=0.00 pitch_dps=0.00 brake_deg=0.00/0.00 BNO_fresh=YES age_ms=0 max_gap_ms=0 accuracy=1 accuracy_low_ms=0 north_usable=NO
23.813 STATE STARTUP heading=2.960 yaw_error=0.000 pitch=6.504 pitch_error=0.000 yaw_mode=PROBE pitch_mode=PRECISION yaw_motor=IDLE pitch_motor=IDLE concurrent=NO yaw_hz=0.0 pitch_hz=0.0 yaw_dps=0.00 pitch_dps=0.00 brake_deg=0.00/0.00 BNO_fresh=YES age_ms=0 max_gap_ms=0 accuracy=1 accuracy_low_ms=0 north_usable=NO
24.563 STATE STARTUP heading=2.961 yaw_error=0.000 pitch=6.505 pitch_error=0.000 yaw_mode=PROBE pitch_mode=PRECISION yaw_motor=IDLE pitch_motor=IDLE concurrent=NO yaw_hz=0.0 pitch_hz=0.0 yaw_dps=0.00 pitch_dps=0.00 brake_deg=0.00/0.00 BNO_fresh=YES age_ms=0 max_gap_ms=0 accuracy=1 accuracy_low_ms=0 north_usable=NO
25.313 STATE STARTUP heading=2.968 yaw_error=0.000 pitch=6.519 pitch_error=0.000 yaw_mode=PROBE pitch_mode=PRECISION yaw_motor=IDLE pitch_motor=IDLE concurrent=NO yaw_hz=0.0 pitch_hz=0.0 yaw_dps=0.00 pitch_dps=0.00 brake_deg=0.00/0.00 BNO_fresh=YES age_ms=3 max_gap_ms=0 accuracy=1 accuracy_low_ms=0 north_usable=NO
26.063 STATE STARTUP heading=2.968 yaw_error=0.000 pitch=6.498 pitch_error=0.000 yaw_mode=PROBE pitch_mode=PRECISION yaw_motor=IDLE pitch_motor=IDLE concurrent=NO yaw_hz=0.0 pitch_hz=0.0 yaw_dps=0.00 pitch_dps=0.00 brake_deg=0.00/0.00 BNO_fresh=YES age_ms=3 max_gap_ms=0 accuracy=1 accuracy_low_ms=0 north_usable=NO
26.813 STATE STARTUP heading=2.976 yaw_error=0.000 pitch=6.512 pitch_error=0.000 yaw_mode=PROBE pitch_mode=PRECISION yaw_motor=IDLE pitch_motor=IDLE concurrent=NO yaw_hz=0.0 pitch_hz=0.0 yaw_dps=0.00 pitch_dps=0.00 brake_deg=0.00/0.00 BNO_fresh=YES age_ms=0 max_gap_ms=0 accuracy=1 accuracy_low_ms=0 north_usable=NO
27.563 STATE STARTUP heading=2.969 yaw_error=0.000 pitch=6.512 pitch_error=0.000 yaw_mode=PROBE pitch_mode=PRECISION yaw_motor=IDLE pitch_motor=IDLE concurrent=NO yaw_hz=0.0 pitch_hz=0.0 yaw_dps=0.00 pitch_dps=0.00 brake_deg=0.00/0.00 BNO_fresh=YES age_ms=3 max_gap_ms=0 accuracy=1 accuracy_low_ms=0 north_usable=NO
28.313 STATE STARTUP heading=2.981 yaw_error=0.000 pitch=6.497 pitch_error=0.000 yaw_mode=PROBE pitch_mode=PRECISION yaw_motor=IDLE pitch_motor=IDLE concurrent=NO yaw_hz=0.0 pitch_hz=0.0 yaw_dps=0.00 pitch_dps=0.00 brake_deg=0.00/0.00 BNO_fresh=YES age_ms=3 max_gap_ms=0 accuracy=1 accuracy_low_ms=0 north_usable=NO
29.078 STATE STARTUP heading=2.990 yaw_error=0.000 pitch=6.483 pitch_error=0.000 yaw_mode=PROBE pitch_mode=PRECISION yaw_motor=IDLE pitch_motor=IDLE concurrent=NO yaw_hz=0.0 pitch_hz=0.0 yaw_dps=0.00 pitch_dps=0.00 brake_deg=0.00/0.00 BNO_fresh=YES age_ms=0 max_gap_ms=0 accuracy=1 accuracy_low_ms=0 north_usable=NO
29.828 STATE STARTUP heading=2.996 yaw_error=0.000 pitch=6.497 pitch_error=0.000 yaw_mode=PROBE pitch_mode=PRECISION yaw_motor=IDLE pitch_motor=IDLE concurrent=NO yaw_hz=0.0 pitch_hz=0.0 yaw_dps=0.00 pitch_dps=0.00 brake_deg=0.00/0.00 BNO_fresh=YES age_ms=0 max_gap_ms=0 accuracy=1 accuracy_low_ms=0 north_usable=NO
30.578 STATE STARTUP heading=2.996 yaw_error=0.000 pitch=6.504 pitch_error=0.000 yaw_mode=PROBE pitch_mode=PRECISION yaw_motor=IDLE pitch_motor=IDLE concurrent=NO yaw_hz=0.0 pitch_hz=0.0 yaw_dps=0.00 pitch_dps=0.00 brake_deg=0.00/0.00 BNO_fresh=YES age_ms=0 max_gap_ms=0 accuracy=1 accuracy_low_ms=0 north_usable=NO
31.328 STATE STARTUP heading=2.996 yaw_error=0.000 pitch=6.497 pitch_error=0.000 yaw_mode=PROBE pitch_mode=PRECISION yaw_motor=IDLE pitch_motor=IDLE concurrent=NO yaw_hz=0.0 pitch_hz=0.0 yaw_dps=0.00 pitch_dps=0.00 brake_deg=0.00/0.00 BNO_fresh=YES age_ms=0 max_gap_ms=0 accuracy=1 accuracy_low_ms=0 north_usable=NO
32.078 STATE STARTUP heading=2.996 yaw_error=0.000 pitch=6.497 pitch_error=0.000 yaw_mode=PROBE pitch_mode=PRECISION yaw_motor=IDLE pitch_motor=IDLE concurrent=NO yaw_hz=0.0 pitch_hz=0.0 yaw_dps=0.00 pitch_dps=0.00 brake_deg=0.00/0.00 BNO_fresh=YES age_ms=0 max_gap_ms=0 accuracy=1 accuracy_low_ms=0 north_usable=NO
32.828 STATE STARTUP heading=2.996 yaw_error=0.000 pitch=6.504 pitch_error=0.000 yaw_mode=PROBE pitch_mode=PRECISION yaw_motor=IDLE pitch_motor=IDLE concurrent=NO yaw_hz=0.0 pitch_hz=0.0 yaw_dps=0.00 pitch_dps=0.00 brake_deg=0.00/0.00 BNO_fresh=YES age_ms=3 max_gap_ms=0 accuracy=1 accuracy_low_ms=0 north_usable=NO
33.578 STATE STARTUP heading=2.996 yaw_error=0.000 pitch=6.497 pitch_error=0.000 yaw_mode=PROBE pitch_mode=PRECISION yaw_motor=IDLE pitch_motor=IDLE concurrent=NO yaw_hz=0.0 pitch_hz=0.0 yaw_dps=0.00 pitch_dps=0.00 brake_deg=0.00/0.00 BNO_fresh=YES age_ms=0 max_gap_ms=0 accuracy=1 accuracy_low_ms=0 north_usable=NO
34.328 STATE STARTUP heading=2.995 yaw_error=0.000 pitch=6.511 pitch_error=0.000 yaw_mode=PROBE pitch_mode=PRECISION yaw_motor=IDLE pitch_motor=IDLE concurrent=NO yaw_hz=0.0 pitch_hz=0.0 yaw_dps=0.00 pitch_dps=0.00 brake_deg=0.00/0.00 BNO_fresh=YES age_ms=0 max_gap_ms=0 accuracy=1 accuracy_low_ms=0 north_usable=NO
35.078 STATE STARTUP heading=2.995 yaw_error=0.000 pitch=6.525 pitch_error=0.000 yaw_mode=PROBE pitch_mode=PRECISION yaw_motor=IDLE pitch_motor=IDLE concurrent=NO yaw_hz=0.0 pitch_hz=0.0 yaw_dps=0.00 pitch_dps=0.00 brake_deg=0.00/0.00 BNO_fresh=YES age_ms=0 max_gap_ms=0 accuracy=1 accuracy_low_ms=0 north_usable=NO
35.828 STATE STARTUP heading=2.996 yaw_error=0.000 pitch=6.511 pitch_error=0.000 yaw_mode=PROBE pitch_mode=PRECISION yaw_motor=IDLE pitch_motor=IDLE concurrent=NO yaw_hz=0.0 pitch_hz=0.0 yaw_dps=0.00 pitch_dps=0.00 brake_deg=0.00/0.00 BNO_fresh=YES age_ms=0 max_gap_ms=0 accuracy=1 accuracy_low_ms=0 north_usable=NO
36.594 STATE STARTUP heading=2.995 yaw_error=0.000 pitch=6.525 pitch_error=0.000 yaw_mode=PROBE pitch_mode=PRECISION yaw_motor=IDLE pitch_motor=IDLE concurrent=NO yaw_hz=0.0 pitch_hz=0.0 yaw_dps=0.00 pitch_dps=0.00 brake_deg=0.00/0.00 BNO_fresh=YES age_ms=0 max_gap_ms=0 accuracy=1 accuracy_low_ms=0 north_usable=NO
37.344 STATE STARTUP heading=2.996 yaw_error=0.000 pitch=6.504 pitch_error=0.000 yaw_mode=PROBE pitch_mode=PRECISION yaw_motor=IDLE pitch_motor=IDLE concurrent=NO yaw_hz=0.0 pitch_hz=0.0 yaw_dps=0.00 pitch_dps=0.00 brake_deg=0.00/0.00 BNO_fresh=YES age_ms=3 max_gap_ms=0 accuracy=1 accuracy_low_ms=0 north_usable=NO
38.094 STATE STARTUP heading=2.996 yaw_error=0.000 pitch=6.511 pitch_error=0.000 yaw_mode=PROBE pitch_mode=PRECISION yaw_motor=IDLE pitch_motor=IDLE concurrent=NO yaw_hz=0.0 pitch_hz=0.0 yaw_dps=0.00 pitch_dps=0.00 brake_deg=0.00/0.00 BNO_fresh=YES age_ms=0 max_gap_ms=0 accuracy=1 accuracy_low_ms=0 north_usable=NO
38.844 STATE STARTUP heading=2.996 yaw_error=0.000 pitch=6.504 pitch_error=0.000 yaw_mode=PROBE pitch_mode=PRECISION yaw_motor=IDLE pitch_motor=IDLE concurrent=NO yaw_hz=0.0 pitch_hz=0.0 yaw_dps=0.00 pitch_dps=0.00 brake_deg=0.00/0.00 BNO_fresh=YES age_ms=0 max_gap_ms=0 accuracy=1 accuracy_low_ms=0 north_usable=NO
39.594 STATE STARTUP heading=2.996 yaw_error=0.000 pitch=6.511 pitch_error=0.000 yaw_mode=PROBE pitch_mode=PRECISION yaw_motor=IDLE pitch_motor=IDLE concurrent=NO yaw_hz=0.0 pitch_hz=0.0 yaw_dps=0.00 pitch_dps=0.00 brake_deg=0.00/0.00 BNO_fresh=YES age_ms=0 max_gap_ms=0 accuracy=1 accuracy_low_ms=0 north_usable=NO
40.344 STATE STARTUP heading=2.996 yaw_error=0.000 pitch=6.525 pitch_error=0.000 yaw_mode=PROBE pitch_mode=PRECISION yaw_motor=IDLE pitch_motor=IDLE concurrent=NO yaw_hz=0.0 pitch_hz=0.0 yaw_dps=0.00 pitch_dps=0.00 brake_deg=0.00/0.00 BNO_fresh=YES age_ms=0 max_gap_ms=0 accuracy=1 accuracy_low_ms=0 north_usable=NO
41.094 STATE STARTUP heading=2.996 yaw_error=0.000 pitch=6.518 pitch_error=0.000 yaw_mode=PROBE pitch_mode=PRECISION yaw_motor=IDLE pitch_motor=IDLE concurrent=NO yaw_hz=0.0 pitch_hz=0.0 yaw_dps=0.00 pitch_dps=0.00 brake_deg=0.00/0.00 BNO_fresh=YES age_ms=3 max_gap_ms=0 accuracy=1 accuracy_low_ms=0 north_usable=NO
41.844 STATE STARTUP heading=2.997 yaw_error=0.000 pitch=6.504 pitch_error=0.000 yaw_mode=PROBE pitch_mode=PRECISION yaw_motor=IDLE pitch_motor=IDLE concurrent=NO yaw_hz=0.0 pitch_hz=0.0 yaw_dps=0.00 pitch_dps=0.00 brake_deg=0.00/0.00 BNO_fresh=YES age_ms=3 max_gap_ms=0 accuracy=1 accuracy_low_ms=0 north_usable=NO
42.594 STATE STARTUP heading=2.997 yaw_error=0.000 pitch=6.504 pitch_error=0.000 yaw_mode=PROBE pitch_mode=PRECISION yaw_motor=IDLE pitch_motor=IDLE concurrent=NO yaw_hz=0.0 pitch_hz=0.0 yaw_dps=0.00 pitch_dps=0.00 brake_deg=0.00/0.00 BNO_fresh=YES age_ms=0 max_gap_ms=0 accuracy=1 accuracy_low_ms=0 north_usable=NO
43.359 STATE STARTUP heading=2.996 yaw_error=0.000 pitch=6.511 pitch_error=0.000 yaw_mode=PROBE pitch_mode=PRECISION yaw_motor=IDLE pitch_motor=IDLE concurrent=NO yaw_hz=0.0 pitch_hz=0.0 yaw_dps=0.00 pitch_dps=0.00 brake_deg=0.00/0.00 BNO_fresh=YES age_ms=3 max_gap_ms=0 accuracy=1 accuracy_low_ms=0 north_usable=NO
44.109 STATE STARTUP heading=2.995 yaw_error=0.000 pitch=6.532 pitch_error=0.000 yaw_mode=PROBE pitch_mode=PRECISION yaw_motor=IDLE pitch_motor=IDLE concurrent=NO yaw_hz=0.0 pitch_hz=0.0 yaw_dps=0.00 pitch_dps=0.00 brake_deg=0.00/0.00 BNO_fresh=YES age_ms=0 max_gap_ms=0 accuracy=1 accuracy_low_ms=0 north_usable=NO
44.859 STATE STARTUP heading=2.996 yaw_error=0.000 pitch=6.518 pitch_error=0.000 yaw_mode=PROBE pitch_mode=PRECISION yaw_motor=IDLE pitch_motor=IDLE concurrent=NO yaw_hz=0.0 pitch_hz=0.0 yaw_dps=0.00 pitch_dps=0.00 brake_deg=0.00/0.00 BNO_fresh=YES age_ms=0 max_gap_ms=0 accuracy=1 accuracy_low_ms=0 north_usable=NO
45.609 STATE STARTUP heading=2.996 yaw_error=0.000 pitch=6.511 pitch_error=0.000 yaw_mode=PROBE pitch_mode=PRECISION yaw_motor=IDLE pitch_motor=IDLE concurrent=NO yaw_hz=0.0 pitch_hz=0.0 yaw_dps=0.00 pitch_dps=0.00 brake_deg=0.00/0.00 BNO_fresh=YES age_ms=0 max_gap_ms=0 accuracy=1 accuracy_low_ms=0 north_usable=NO
46.359 STATE STARTUP heading=2.996 yaw_error=0.000 pitch=6.532 pitch_error=0.000 yaw_mode=PROBE pitch_mode=PRECISION yaw_motor=IDLE pitch_motor=IDLE concurrent=NO yaw_hz=0.0 pitch_hz=0.0 yaw_dps=0.00 pitch_dps=0.00 brake_deg=0.00/0.00 BNO_fresh=YES age_ms=0 max_gap_ms=0 accuracy=1 accuracy_low_ms=0 north_usable=NO
47.109 STATE STARTUP heading=2.996 yaw_error=0.000 pitch=6.518 pitch_error=0.000 yaw_mode=PROBE pitch_mode=PRECISION yaw_motor=IDLE pitch_motor=IDLE concurrent=NO yaw_hz=0.0 pitch_hz=0.0 yaw_dps=0.00 pitch_dps=0.00 brake_deg=0.00/0.00 BNO_fresh=YES age_ms=0 max_gap_ms=0 accuracy=1 accuracy_low_ms=0 north_usable=NO
47.859 STATE STARTUP heading=2.996 yaw_error=0.000 pitch=6.518 pitch_error=0.000 yaw_mode=PROBE pitch_mode=PRECISION yaw_motor=IDLE pitch_motor=IDLE concurrent=NO yaw_hz=0.0 pitch_hz=0.0 yaw_dps=0.00 pitch_dps=0.00 brake_deg=0.00/0.00 BNO_fresh=YES age_ms=0 max_gap_ms=0 accuracy=1 accuracy_low_ms=0 north_usable=NO
48.609 STATE STARTUP heading=3.017 yaw_error=0.000 pitch=6.525 pitch_error=0.000 yaw_mode=PROBE pitch_mode=PRECISION yaw_motor=IDLE pitch_motor=IDLE concurrent=NO yaw_hz=0.0 pitch_hz=0.0 yaw_dps=0.00 pitch_dps=0.00 brake_deg=0.00/0.00 BNO_fresh=YES age_ms=0 max_gap_ms=0 accuracy=1 accuracy_low_ms=0 north_usable=NO
49.359 STATE STARTUP heading=3.017 yaw_error=0.000 pitch=6.518 pitch_error=0.000 yaw_mode=PROBE pitch_mode=PRECISION yaw_motor=IDLE pitch_motor=IDLE concurrent=NO yaw_hz=0.0 pitch_hz=0.0 yaw_dps=0.00 pitch_dps=0.00 brake_deg=0.00/0.00 BNO_fresh=YES age_ms=0 max_gap_ms=0 accuracy=1 accuracy_low_ms=0 north_usable=NO
50.109 STATE STARTUP heading=3.017 yaw_error=0.000 pitch=6.511 pitch_error=0.000 yaw_mode=PROBE pitch_mode=PRECISION yaw_motor=IDLE pitch_motor=IDLE concurrent=NO yaw_hz=0.0 pitch_hz=0.0 yaw_dps=0.00 pitch_dps=0.00 brake_deg=0.00/0.00 BNO_fresh=YES age_ms=0 max_gap_ms=0 accuracy=1 accuracy_low_ms=0 north_usable=NO
50.859 STATE STARTUP heading=3.017 yaw_error=0.000 pitch=6.504 pitch_error=0.000 yaw_mode=PROBE pitch_mode=PRECISION yaw_motor=IDLE pitch_motor=IDLE concurrent=NO yaw_hz=0.0 pitch_hz=0.0 yaw_dps=0.00 pitch_dps=0.00 brake_deg=0.00/0.00 BNO_fresh=YES age_ms=0 max_gap_ms=0 accuracy=1 accuracy_low_ms=0 north_usable=NO
51.609 STATE STARTUP heading=3.023 yaw_error=0.000 pitch=6.496 pitch_error=0.000 yaw_mode=PROBE pitch_mode=PRECISION yaw_motor=IDLE pitch_motor=IDLE concurrent=NO yaw_hz=0.0 pitch_hz=0.0 yaw_dps=0.00 pitch_dps=0.00 brake_deg=0.00/0.00 BNO_fresh=YES age_ms=0 max_gap_ms=0 accuracy=1 accuracy_low_ms=0 north_usable=NO
52.375 STATE STARTUP heading=3.023 yaw_error=0.000 pitch=6.489 pitch_error=0.000 yaw_mode=PROBE pitch_mode=PRECISION yaw_motor=IDLE pitch_motor=IDLE concurrent=NO yaw_hz=0.0 pitch_hz=0.0 yaw_dps=0.00 pitch_dps=0.00 brake_deg=0.00/0.00 BNO_fresh=YES age_ms=0 max_gap_ms=0 accuracy=1 accuracy_low_ms=0 north_usable=NO
53.125 STATE STARTUP heading=3.021 yaw_error=0.000 pitch=6.488 pitch_error=0.000 yaw_mode=PROBE pitch_mode=PRECISION yaw_motor=IDLE pitch_motor=IDLE concurrent=NO yaw_hz=0.0 pitch_hz=0.0 yaw_dps=0.00 pitch_dps=0.00 brake_deg=0.00/0.00 BNO_fresh=YES age_ms=0 max_gap_ms=0 accuracy=1 accuracy_low_ms=0 north_usable=NO
53.875 STATE STARTUP heading=3.008 yaw_error=0.000 pitch=6.510 pitch_error=0.000 yaw_mode=PROBE pitch_mode=PRECISION yaw_motor=IDLE pitch_motor=IDLE concurrent=NO yaw_hz=0.0 pitch_hz=0.0 yaw_dps=0.00 pitch_dps=0.00 brake_deg=0.00/0.00 BNO_fresh=YES age_ms=3 max_gap_ms=0 accuracy=1 accuracy_low_ms=0 north_usable=NO
54.625 STATE STARTUP heading=2.995 yaw_error=0.000 pitch=6.525 pitch_error=0.000 yaw_mode=PROBE pitch_mode=PRECISION yaw_motor=IDLE pitch_motor=IDLE concurrent=NO yaw_hz=0.0 pitch_hz=0.0 yaw_dps=0.00 pitch_dps=0.00 brake_deg=0.00/0.00 BNO_fresh=YES age_ms=0 max_gap_ms=0 accuracy=1 accuracy_low_ms=0 north_usable=NO
55.375 STATE STARTUP heading=3.010 yaw_error=0.000 pitch=6.547 pitch_error=0.000 yaw_mode=PROBE pitch_mode=PRECISION yaw_motor=IDLE pitch_motor=IDLE concurrent=NO yaw_hz=0.0 pitch_hz=0.0 yaw_dps=0.00 pitch_dps=0.00 brake_deg=0.00/0.00 BNO_fresh=YES age_ms=0 max_gap_ms=0 accuracy=1 accuracy_low_ms=0 north_usable=NO
56.125 STATE STARTUP heading=3.003 yaw_error=0.000 pitch=6.539 pitch_error=0.000 yaw_mode=PROBE pitch_mode=PRECISION yaw_motor=IDLE pitch_motor=IDLE concurrent=NO yaw_hz=0.0 pitch_hz=0.0 yaw_dps=0.00 pitch_dps=0.00 brake_deg=0.00/0.00 BNO_fresh=YES age_ms=0 max_gap_ms=0 accuracy=1 accuracy_low_ms=0 north_usable=NO
56.875 STATE STARTUP heading=3.002 yaw_error=0.000 pitch=6.518 pitch_error=0.000 yaw_mode=PROBE pitch_mode=PRECISION yaw_motor=IDLE pitch_motor=IDLE concurrent=NO yaw_hz=0.0 pitch_hz=0.0 yaw_dps=0.00 pitch_dps=0.00 brake_deg=0.00/0.00 BNO_fresh=YES age_ms=0 max_gap_ms=0 accuracy=1 accuracy_low_ms=0 north_usable=NO
57.625 STATE STARTUP heading=3.015 yaw_error=0.000 pitch=6.524 pitch_error=0.000 yaw_mode=PROBE pitch_mode=PRECISION yaw_motor=IDLE pitch_motor=IDLE concurrent=NO yaw_hz=0.0 pitch_hz=0.0 yaw_dps=0.00 pitch_dps=0.00 brake_deg=0.00/0.00 BNO_fresh=YES age_ms=0 max_gap_ms=0 accuracy=1 accuracy_low_ms=0 north_usable=NO
58.375 STATE STARTUP heading=3.002 yaw_error=0.000 pitch=6.553 pitch_error=0.000 yaw_mode=PROBE pitch_mode=PRECISION yaw_motor=IDLE pitch_motor=IDLE concurrent=NO yaw_hz=0.0 pitch_hz=0.0 yaw_dps=0.00 pitch_dps=0.00 brake_deg=0.00/0.00 BNO_fresh=YES age_ms=3 max_gap_ms=0 accuracy=1 accuracy_low_ms=0 north_usable=NO
59.141 STATE STARTUP heading=3.016 yaw_error=0.000 pitch=6.539 pitch_error=0.000 yaw_mode=PROBE pitch_mode=PRECISION yaw_motor=IDLE pitch_motor=IDLE concurrent=NO yaw_hz=0.0 pitch_hz=0.0 yaw_dps=0.00 pitch_dps=0.00 brake_deg=0.00/0.00 BNO_fresh=YES age_ms=0 max_gap_ms=0 accuracy=1 accuracy_low_ms=0 north_usable=NO
59.891 STATE STARTUP heading=3.037 yaw_error=0.000 pitch=6.531 pitch_error=0.000 yaw_mode=PROBE pitch_mode=PRECISION yaw_motor=IDLE pitch_motor=IDLE concurrent=NO yaw_hz=0.0 pitch_hz=0.0 yaw_dps=0.00 pitch_dps=0.00 brake_deg=0.00/0.00 BNO_fresh=YES age_ms=0 max_gap_ms=0 accuracy=1 accuracy_low_ms=0 north_usable=NO
